postgres-1  | The files belonging to this database system will be owned by user "postgres".
postgres-1  | This user must also own the server process.
postgres-1  | 
postgres-1  | The database cluster will be initialized with locale "en_US.utf8".
postgres-1  | The default database encoding has accordingly been set to "UTF8".
postgres-1  | The default text search configuration will be set to "english".
postgres-1  | 
postgres-1  | Data page checksums are disabled.
postgres-1  | 
postgres-1  | fixing permissions on existing directory /var/lib/postgresql/data ... ok
postgres-1  | creating subdirectories ... ok
postgres-1  | selecting dynamic shared memory implementation ... posix
postgres-1  | selecting default "max_connections" ... 100
postgres-1  | selecting default "shared_buffers" ... 128MB
postgres-1  | selecting default time zone ... Etc/UTC
postgres-1  | creating configuration files ... ok
postgres-1  | running bootstrap script ... ok
postgres-1  | performing post-bootstrap initialization ... ok
postgres-1  | syncing data to disk ... ok
postgres-1  | 
postgres-1  | 
postgres-1  | Success. You can now start the database server using:
postgres-1  | 
postgres-1  |     pg_ctl -D /var/lib/postgresql/data -l logfile start
postgres-1  | 
postgres-1  | initdb: warning: enabling "trust" authentication for local connections
postgres-1  | initdb: hint: You can change this by editing pg_hba.conf or using the option -A, or --auth-local and --auth-host, the next time you run initdb.
postgres-1  | waiting for server to start....2026-09-21 04:42:17.783 UTC [48] LOG:  starting PostgreSQL 17.8 (Debian 17.8-1.pgdg12+1) on aarch64-unknown-linux-gnu, compiled by gcc (Debian 12.2.0-14+deb12u1) 12.2.0, 64-bit
postgres-1  | 2026-09-21 04:42:17.784 UTC [48] LOG:  listening on Unix socket "/var/run/postgresql/.s.PGSQL.5432"
postgres-1  | 2026-09-21 04:42:17.785 UTC [51] LOG:  database system was shut down at 2026-09-21 04:42:17 UTC
postgres-1  | 2026-09-21 04:42:17.787 UTC [48] LOG:  database system is ready to accept connections
postgres-1  |  done
postgres-1  | server started
postgres-1  | CREATE DATABASE
postgres-1  | 
postgres-1  | 
postgres-1  | /usr/local/bin/docker-entrypoint.sh: ignoring /docker-entrypoint-initdb.d/*
postgres-1  | 
postgres-1  | waiting for server to shut down....2026-09-21 04:42:17.940 UTC [48] LOG:  received fast shutdown request
postgres-1  | 2026-09-21 04:42:17.941 UTC [48] LOG:  aborting any active transactions
postgres-1  | 2026-09-21 04:42:17.941 UTC [48] LOG:  background worker "logical replication launcher" (PID 54) exited with exit code 1
postgres-1  | 2026-09-21 04:42:17.942 UTC [49] LOG:  shutting down
postgres-1  | 2026-09-21 04:42:17.942 UTC [49] LOG:  checkpoint starting: shutdown immediate
postgres-1  | 2026-09-21 04:42:17.959 UTC [49] LOG:  checkpoint complete: wrote 921 buffers (5.6%); 0 WAL file(s) added, 0 removed, 0 recycled; write=0.005 s, sync=0.010 s, total=0.018 s; sync files=301, longest=0.003 s, average=0.001 s; distance=4238 kB, estimate=4238 kB; lsn=0/1908968, redo lsn=0/1908968
postgres-1  | 2026-09-21 04:42:17.960 UTC [48] LOG:  database system is shut down
postgres-1  |  done
postgres-1  | server stopped
postgres-1  | 
postgres-1  | PostgreSQL init process complete; ready for start up.
postgres-1  | 
postgres-1  | 2026-09-21 04:42:18.055 UTC [1] LOG:  starting PostgreSQL 17.8 (Debian 17.8-1.pgdg12+1) on aarch64-unknown-linux-gnu, compiled by gcc (Debian 12.2.0-14+deb12u1) 12.2.0, 64-bit
postgres-1  | 2026-09-21 04:42:18.056 UTC [1] LOG:  listening on IPv4 address "0.0.0.0", port 5432
postgres-1  | 2026-09-21 04:42:18.056 UTC [1] LOG:  listening on IPv6 address "::", port 5432
postgres-1  | 2026-09-21 04:42:18.057 UTC [1] LOG:  listening on Unix socket "/var/run/postgresql/.s.PGSQL.5432"
postgres-1  | 2026-09-21 04:42:18.058 UTC [64] LOG:  database system was shut down at 2026-09-21 04:42:17 UTC
postgres-1  | 2026-09-21 04:42:18.060 UTC [1] LOG:  database system is ready to accept connections
postgres-1  | 2026-09-21 04:42:34.269 UTC [1] LOG:  received fast shutdown request
postgres-1  | 2026-09-21 04:42:34.269 UTC [1] LOG:  aborting any active transactions
postgres-1  | 2026-09-21 04:42:34.271 UTC [1] LOG:  background worker "logical replication launcher" (PID 67) exited with exit code 1
postgres-1  | 2026-09-21 04:42:34.271 UTC [62] LOG:  shutting down
postgres-1  | 2026-09-21 04:42:34.271 UTC [62] LOG:  checkpoint starting: shutdown immediate
postgres-1  | 2026-09-21 04:42:34.281 UTC [62] LOG:  checkpoint complete: wrote 257 buffers (1.6%); 0 WAL file(s) added, 0 removed, 0 recycled; write=0.004 s, sync=0.006 s, total=0.011 s; sync files=93, longest=0.002 s, average=0.001 s; distance=1495 kB, estimate=1495 kB; lsn=0/1A7E948, redo lsn=0/1A7E948
postgres-1  | 2026-09-21 04:42:34.282 UTC [1] LOG:  database system is shut down
postgres-1  | 
postgres-1  | PostgreSQL Database directory appears to contain a database; Skipping initialization
postgres-1  | 
postgres-1  | 2026-09-21 05:01:13.569 UTC [1] LOG:  starting PostgreSQL 17.8 (Debian 17.8-1.pgdg12+1) on aarch64-unknown-linux-gnu, compiled by gcc (Debian 12.2.0-14+deb12u1) 12.2.0, 64-bit
postgres-1  | 2026-09-21 05:01:13.570 UTC [1] LOG:  listening on IPv4 address "0.0.0.0", port 5432
postgres-1  | 2026-09-21 05:01:13.570 UTC [1] LOG:  listening on IPv6 address "::", port 5432
postgres-1  | 2026-09-21 05:01:13.570 UTC [1] LOG:  listening on Unix socket "/var/run/postgresql/.s.PGSQL.5432"
postgres-1  | 2026-09-21 05:01:13.572 UTC [28] LOG:  database system was shut down at 2026-09-21 04:42:34 UTC
postgres-1  | 2026-09-21 05:01:13.579 UTC [1] LOG:  database system is ready to accept connections
